============================= test session starts ==============================
platform darwin -- Python 3.9.2, pytest-8.3.5, pluggy-1.5.0 -- /Users/nicolasrenard/miniforge3/envs/py39/bin/python3
cachedir: .pytest_cache
benchmark: 5.1.0 (defaults: timer=time.perf_counter disable_gc=False min_rounds=5 min_time=0.000005 max_time=1.0 calibration_precision=10 warmup=False warmup_iterations=100000)
rootdir: /Users/nicolasrenard/dev/test_pi/compute_pi
configfile: pyproject.toml
testpaths: tests
plugins: anyio-4.0.0, benchmark-5.1.0, cov-6.1.1
collecting ... collected 45 items

tests/test_edge_cases.py::test_very_high_precision PASSED                [  2%]
tests/test_edge_cases.py::test_minimum_precision PASSED                  [  4%]
tests/test_edge_cases.py::test_precision_boundaries[1] PASSED            [  6%]
tests/test_edge_cases.py::test_precision_boundaries[10] PASSED           [  8%]
tests/test_edge_cases.py::test_precision_boundaries[100] PASSED          [ 11%]
tests/test_edge_cases.py::test_precision_boundaries[500] PASSED          [ 13%]
tests/test_edge_cases.py::test_progress_callback_edge_cases PASSED       [ 15%]
tests/test_edge_cases.py::test_result_formatting_edge_cases PASSED       [ 17%]
tests/test_edge_cases.py::test_precision_override_edge_cases PASSED      [ 20%]
tests/test_edge_cases.py::test_error_handling PASSED                     [ 22%]
tests/test_edge_cases.py::test_mpmath_context_handling PASSED            [ 24%]
tests/test_logger.py::test_tqdm_logging_handler PASSED                   [ 26%]
tests/test_logger.py::test_logger_setup_basic PASSED                     [ 28%]
tests/test_logger.py::test_logger_setup_with_file PASSED                 [ 31%]
tests/test_logger.py::test_logger_with_tqdm PASSED                       [ 33%]
tests/test_logger.py::test_logger_levels PASSED                          [ 35%]
tests/test_logger.py::test_logger_formatting PASSED                      [ 37%]
tests/test_logger.py::test_logger_handler_cleanup PASSED                 [ 40%]
tests/test_main.py::test_create_progress_bar PASSED                      [ 42%]
tests/test_main.py::test_progress_callback PASSED                        [ 44%]
tests/test_main.py::test_main_with_args[args0-0] PASSED                  [ 46%]
tests/test_main.py::test_main_with_args[args1-0] PASSED                  [ 48%]
tests/test_main.py::test_main_with_args[args2-0] PASSED                  [ 51%]
tests/test_main.py::test_main_with_args[args3-1] PASSED                  [ 53%]
tests/test_main.py::test_main_with_logging PASSED                        [ 55%]
tests/test_main.py::test_main_with_file_logging PASSED                   [ 57%]
tests/test_main.py::test_main_keyboard_interrupt PASSED                  [ 60%]
tests/test_main.py::test_main_unexpected_error PASSED                    [ 62%]
tests/test_main.py::test_progress_display PASSED                         [ 64%]
tests/test_main.py::test_tqdm_logging_handler PASSED                     [ 66%]
tests/test_main.py::test_cli_entrypoint PASSED                           [ 68%]
tests/test_pi_calculator.py::TestPiCalculator::test_init_with_valid_precision PASSED [ 71%]
tests/test_pi_calculator.py::TestPiCalculator::test_init_with_invalid_precision PASSED [ 73%]
tests/test_pi_calculator.py::TestPiCalculator::test_compute_pi_accuracy PASSED [ 75%]
tests/test_pi_calculator.py::TestPiCalculator::test_compute_pi_with_progress PASSED [ 77%]
tests/test_pi_calculator.py::TestPiCalculator::test_compute_pi_with_override_precision PASSED [ 80%]
tests/test_pi_calculator.py::TestPiCalculator::test_compute_pi_invalid_override_precision PASSED [ 82%]
tests/test_pi_calculator.py::TestPiCalculator::test_validate_result PASSED [ 84%]
tests/test_pi_calculator.py::TestPiCalculator::test_format_result PASSED [ 86%]
tests/test_pi_calculator.py::TestPiCalculator::test_different_precisions[10] PASSED [ 88%]
tests/test_pi_calculator.py::TestPiCalculator::test_different_precisions[100] PASSED [ 91%]
tests/test_pi_calculator.py::TestPiCalculator::test_different_precisions[1000] PASSED [ 93%]
tests/test_pi_calculator.py::TestPiCalculator::test_first_digits_correctness PASSED [ 95%]
tests/test_pi_calculator.py::TestPiCalculator::test_computation_time_tracking PASSED [ 97%]
tests/test_pi_calculator.py::TestPiCalculator::test_debug_info_contents PASSED [100%]

================================ tests coverage ================================
_______________ coverage: platform darwin, python 3.9.2-final-0 ________________

Name                       Stmts   Miss  Cover   Missing
--------------------------------------------------------
compute_pi/__init__.py         2      0   100%
compute_pi/compute_pi.py      81      0   100%
compute_pi/logger.py          33      5    85%   23-24, 73-76
compute_pi/main.py            42      1    98%   98
--------------------------------------------------------
TOTAL                        158      6    96%
Coverage XML written to file coverage.xml
============================= 45 passed in 10.38s ==============================
